✓ Initialized. View run at 
https://modal.com/apps/ace-2504/main/ap-pKH4onnveq5IK7k8TKhB85
✓ Created objects.
├── 🔨 Created mount 
│   D:\vizuara-assignments\assignment-4\exp2_specdec\probe_c_fix.py
├── 🔨 Created mount PythonPackage:bench
└── 🔨 Created function run.
Warning: You are sending unauthenticated requests to the HF Hub. Please set a HF_TOKEN to enable higher rate limits and faster downloads.

[1ALoading weights:   0%|          | 0/339 [00:00<?, ?it/s]
[1ALoading weights:   4%|▎         | 12/339 [00:00<00:02, 115.65it/s]
[1ALoading weights:   7%|▋         | 24/339 [00:00<00:02, 107.62it/s]
[1ALoading weights:  10%|█         | 35/339 [00:00<00:03, 100.45it/s]
[1ALoading weights:  14%|█▎        | 46/339 [00:00<00:03, 89.82it/s] 
[1ALoading weights:  17%|█▋        | 56/339 [00:00<00:03, 90.21it/s]
[1ALoading weights:  20%|█▉        | 67/339 [00:00<00:02, 95.47it/s]
[1ALoading weights:  23%|██▎       | 77/339 [00:00<00:02, 94.96it/s]
[1ALoading weights:  26%|██▋       | 89/339 [00:00<00:02, 97.66it/s]
[1ALoading weights:  29%|██▉       | 99/339 [00:01<00:02, 97.93it/s]
[1ALoading weights:  33%|███▎      | 112/339 [00:01<00:02, 106.68it/s]
[1ALoading weights:  37%|███▋      | 125/339 [00:01<00:02, 100.12it/s]
[1ALoading weights:  41%|████▏     | 140/339 [00:01<00:01, 112.34it/s]
[1ALoading weights:  46%|████▌     | 155/339 [00:01<00:01, 118.64it/s]
[1ALoading weights:  50%|████▉     | 168/339 [00:01<00:01, 106.97it/s]
[1ALoading weights:  53%|█████▎    | 180/339 [00:01<00:01, 102.26it/s]
[1ALoading weights:  56%|█████▋    | 191/339 [00:01<00:01, 96.99it/s] 
[1ALoading weights:  59%|█████▉    | 201/339 [00:01<00:01, 97.44it/s]
[1ALoading weights:  63%|██████▎   | 212/339 [00:02<00:01, 97.72it/s]
[1ALoading weights:  68%|██████▊   | 230/339 [00:02<00:00, 116.92it/s]
[1ALoading weights: 100%|██████████| 339/339 [00:02<00:00, 151.96it/s]

[1ALoading weights:   0%|          | 0/290 [00:00<?, ?it/s]
[1ALoading weights:   9%|▉         | 26/290 [00:00<00:01, 226.36it/s]
[1ALoading weights:  17%|█▋        | 49/290 [00:00<00:01, 219.05it/s]
[1ALoading weights:  27%|██▋       | 78/290 [00:00<00:00, 248.30it/s]
[1ALoading weights:  36%|███▌      | 103/290 [00:00<00:00, 245.35it/s]
[1ALoading weights:  44%|████▍     | 128/290 [00:00<00:00, 236.28it/s]
[1ALoading weights:  52%|█████▏    | 152/290 [00:00<00:00, 235.98it/s]
[1ALoading weights:  61%|██████    | 176/290 [00:00<00:00, 229.86it/s]
[1ALoading weights: 100%|██████████| 290/290 [00:00<00:00, 341.40it/s]

=== Exp 2 c-reduction on NVIDIA L4 ===
target step      : 72.78 ms
draft step naive : 34.40 ms  -> c = 0.473
draft compiled   : 6.03 ms  -> c = 0.083
wrote D:\vizuara-assignments\assignment-4\results\exp2_cfix.json
Stopping app - local entrypoint completed.
✓ App completed. View run at 
https://modal.com/apps/ace-2504/main/ap-pKH4onnveq5IK7k8TKhB85
